[index-2.html]
[backblue.gif]
[fade.gif]
[index.html]
[css/base9452.css]
[css/vendor9452.css]
[css/main9452.css]
[js/modernizr.js]
[images/logo2.png]
[about.html]
[blog/category/azure.html]
[blog/category/azure-devops.html]
[blog/category/automation.html]
[blog/category/azure-function.html]
[blog/category/yaml.html]
[blog/tech-stack-of-the-blog.html]
[blog/lessons-learner-yaml-templates.html]
[blog/how-to-use-azure-anomaly-detector-to-find-anomalies-from-electricity-consumption.html]
[blog/category/ai.html]
[blog/category/cognitive-services.html]
[blog/voice-controlled-application-with-azure-cognitive-services.html]
[blog/category/azure-cognitive-services.html]
[blog/how-to-use-postman-collection-in-api-testing.html]
[blog/category/postman.html]
[blog/category/api-testing.html]
[blog/how-to-utilize-reusable-components-ado.html]
[blog/category/bicep.html]
[blog/how-to-use-fluent-migrator-in-azure-devops-pipelines.html]
[blog/category/keyvault.html]
[blog/category/database.html]
[blog/category/migrations.html]
[blog/working-agreement-of-team.html]
[blog/category/team.html]
[blog/category/way-of-working.html]
[blog/how-to-automate-api-testing-with-azure-devops-and-postman.html]
[blog/category/minimal-api.html]
[blog/how-to-build-micro-frontend-architecture-with-web-components-and-bff-part-22.html]
[blog/category/bff.html]
[blog/category/net6.html]
[blog/category/yarp.html]
[blog/category/reverse-proxy.html]
[blog/category/micro-frontend-architecture.html]
[blog/category/web-component.html]
[blog/how-to-build-micro-frontend-architecture-and-bff.html]
[blog/category/teams.html]
[blog/azure-bicep-insert-resource-feature-in-vs-code.html]
[blog/category/infrastructure-as-a-code.html]
[blog/category/visual-studio-code.html]
[blog/changed-my-note-taking-tool.html]
[blog/category/notes.html]
[blog/category/onenote.html]
[blog/request-routing-in-bff.html]
[blog/category/authentication.html]
[blog/application-settings-comparison-app-service.html]
[blog/category/key-vault.html]
[blog/category/azure-app-service.html]
[blog/deploy-net-6-web-app-to-linux-based-app-service.html]
[blog/category/linux.html]
[blog/assigning-access-policies-to-keyvault-with-bicep.html]
[blog/deploy-azure-infrastructure-with-azure-bicep.html]
[blog/get-notified-about-service-health-incidents-that-have-occurred-in-azure.html]
[blog/category/logic-apps.html]
[blog/category/service-health.html]
[blog/category/monitoring.html]
[blog/no-tokens-in-browser-with-duende-bff.html]
[blog/category/api.html]
[blog/how-to-minimize-blog-hosting-costs.html]
[blog/category/github-pages.html]
[blog/azure-b2c-custom-mfa-implementation.html]
[blog/category/azure-b2c.html]
[blog/category/mfa.html]
[blog/apple-health-data-conversion-to-fhir-observation.html]
[blog/category/azure-api-for-fhir.html]
[blog/category/fhir-converter.html]
[blog/category/health-care.html]
[blog/strava-webhook-azure-api-for-fhir.html]
[blog/export-apple-health-data-to-azure-api-for-fhir.html]
[blog/azure-ad-b2c-devops-automation.html]
[blog/category/powershell.html]
[blog/azure-b2c-custom-policies-and-federated-authentication.html]
[blog/how-to-handle-interactive-login-in-powershell-and-query-api.html]
[blog/category/azure-ad.html]
[blog/status-notifier-app-powered-by-philips-hue-lights.html]
[blog/category/slack.html]
[blog/category/philips-hue.html]
[blog/category/remote-working.html]
[blog/category/integration.html]
[blog/how-to-configure-azure-ad-b2c-and-b2b-work-together.html]
[blog/category/azure-b2b.html]
[blog/category/identity-magement.html]
[blog/technical-changes-of-the-blog-inspired-by-az-202-certification-study.html]
[blog/category/azure-service-fabric.html]
[blog/how-to-import-exercise-data-to-strava.html]
[blog/category/data-import.html]
[blog/how-to-export-exercise-data-from-movescount-and-sports-tracker.html]
[blog/category/data-export.html]
[blog/experiences-about-finnish-personal-health-record-national-data-repository-part-3.html]
[blog/experiences-about-finnish-personal-health-record-national-data-repository-part-2.html]
[blog/omakannan-omatietovaranto.html]
[blog/participant-registration-system.html]
[blog/category/google-cloud.html]
[blog/hello-headless-blog.html]
[blog/category/headless-cms.html]
[images/name.png]
[js/jquery-3.2.1.min.js]
[js/plugins.js]
[js/main.min.js]
[index-2.html]
[css/base9452.css]
[css/vendor9452.css]
[css/iconic/css/iconmonstr-iconic-font.min.css]
[css/fonts.css]
[css/main9452.css]
[css/base42b6.css]
[css/vendor42b6.css]
[about.html]
[css/main42b6.css]
[css/basec8eb.css]
[css/vendorc8eb.css]
[blog/category/azure.html]
[css/mainc8eb.css]
[css/base8782.css]
[css/vendor8782.css]
[blog/category/azure-devops.html]
[css/main8782.css]
[css/baseb162.css]
[css/vendorb162.css]
[blog/category/automation.html]
[css/mainb162.css]
[css/basebc91.css]
[css/vendorbc91.css]
[blog/category/azure-function.html]
[css/mainbc91.css]
[css/base95a1.css]
[css/vendor95a1.css]
[blog/category/yaml.html]
[css/main95a1.css]
[css/base7b79.css]
[css/vendor7b79.css]
[blog/tech-stack-of-the-blog.html]
[css/main7b79.css]
[css/basefb3a.css]
[css/vendorfb3a.css]
[blog/lessons-learner-yaml-templates.html]
[css/mainfb3a.css]
[css/base448f.css]
[css/vendor448f.css]
[blog/how-to-use-azure-anomaly-detector-to-find-anomalies-from-electricity-consumption.html]
[css/main448f.css]
[css/basef635.css]
[css/vendorf635.css]
[blog/category/ai.html]
[css/mainf635.css]
[css/basebd77.css]
[css/vendorbd77.css]
[blog/category/cognitive-services.html]
[css/mainbd77.css]
[css/base8852.css]
[css/vendor8852.css]
[blog/voice-controlled-application-with-azure-cognitive-services.html]
[css/main8852.css]
[css/basee043.css]
[css/vendore043.css]
[blog/category/azure-cognitive-services.html]
[css/maine043.css]
[css/base1d0e.css]
[css/vendor1d0e.css]
[blog/how-to-use-postman-collection-in-api-testing.html]
[css/main1d0e.css]
[css/base511d.css]
[css/vendor511d.css]
[blog/category/postman.html]
[css/main511d.css]
[css/base4e7d.css]
[css/vendor4e7d.css]
[blog/category/api-testing.html]
[css/main4e7d.css]
[css/base855b.css]
[css/vendor855b.css]
[blog/how-to-utilize-reusable-components-ado.html]
[css/main855b.css]
[css/basef4d5.css]
[css/vendorf4d5.css]
[blog/category/bicep.html]
[css/mainf4d5.css]
[css/base9f3e.css]
[css/vendor9f3e.css]
[blog/how-to-use-fluent-migrator-in-azure-devops-pipelines.html]
[css/main9f3e.css]
[css/base152b.css]
[css/vendor152b.css]
[blog/category/keyvault.html]
[css/main152b.css]
[css/base2cbe.css]
[css/vendor2cbe.css]
[blog/category/database.html]
[css/main2cbe.css]
[css/baseeeda.css]
[css/vendoreeda.css]
[blog/category/migrations.html]
[css/maineeda.css]
[css/base765b.css]
[css/vendor765b.css]
[blog/working-agreement-of-team.html]
[css/main765b.css]
[css/base465e.css]
[css/vendor465e.css]
[blog/category/team.html]
[css/main465e.css]
[css/base0658.css]
[css/vendor0658.css]
[blog/category/way-of-working.html]
[css/main0658.css]
[css/basec889.css]
[css/vendorc889.css]
[blog/how-to-automate-api-testing-with-azure-devops-and-postman.html]
[css/mainc889.css]
[css/basec0a8.css]
[css/vendorc0a8.css]
[blog/category/minimal-api.html]
[css/mainc0a8.css]
[css/basefa40.css]
[css/vendorfa40.css]
[blog/how-to-build-micro-frontend-architecture-with-web-components-and-bff-part-22.html]
[css/mainfa40.css]
[css/basee521.css]
[css/vendore521.css]
[blog/category/bff.html]
[css/maine521.css]
[css/basedf74.css]
[css/vendordf74.css]
[blog/category/net6.html]
[css/maindf74.css]
[css/base8c82.css]
[css/vendor8c82.css]
[blog/category/yarp.html]
[css/main8c82.css]
[css/basee9dd.css]
[css/vendore9dd.css]
[blog/category/reverse-proxy.html]
[css/maine9dd.css]
[css/base599e.css]
[css/vendor599e.css]
[blog/category/micro-frontend-architecture.html]
[css/main599e.css]
[css/baseba62.css]
[css/vendorba62.css]
[blog/category/web-component.html]
[css/mainba62.css]
[css/base14c5.css]
[css/vendor14c5.css]
[blog/how-to-build-micro-frontend-architecture-and-bff.html]
[css/main14c5.css]
[css/based01f.css]
[css/vendord01f.css]
[blog/category/teams.html]
[css/maind01f.css]
[css/basecc23.css]
[css/vendorcc23.css]
[blog/azure-bicep-insert-resource-feature-in-vs-code.html]
[css/maincc23.css]
[css/base55a4.css]
[css/vendor55a4.css]
[blog/category/infrastructure-as-a-code.html]
[css/main55a4.css]
[css/base4d53.css]
[css/vendor4d53.css]
[blog/category/visual-studio-code.html]
[css/main4d53.css]
[css/based6d9.css]
[css/vendord6d9.css]
[blog/changed-my-note-taking-tool.html]
[css/maind6d9.css]
[css/basee414.css]
[css/vendore414.css]
[blog/category/notes.html]
[css/maine414.css]
[css/base5ce9.css]
[css/vendor5ce9.css]
[blog/category/onenote.html]
[css/main5ce9.css]
[css/base0c9e.css]
[css/vendor0c9e.css]
[blog/request-routing-in-bff.html]
[css/main0c9e.css]
[css/base084b.css]
[css/vendor084b.css]
[blog/category/authentication.html]
[css/main084b.css]
[css/basef723.css]
[css/vendorf723.css]
[blog/application-settings-comparison-app-service.html]
[css/mainf723.css]
[css/base47e5.css]
[css/vendor47e5.css]
[blog/category/key-vault.html]
[css/main47e5.css]
[css/base5d37.css]
[css/vendor5d37.css]
[blog/category/azure-app-service.html]
[css/main5d37.css]
[css/base9336.css]
[css/vendor9336.css]
[blog/deploy-net-6-web-app-to-linux-based-app-service.html]
[css/main9336.css]
[css/baseb7f1.css]
[css/vendorb7f1.css]
[blog/category/linux.html]
[css/mainb7f1.css]
[css/base6d08.css]
[css/vendor6d08.css]
[blog/assigning-access-policies-to-keyvault-with-bicep.html]
[css/main6d08.css]
[css/baseb337.css]
[css/vendorb337.css]
[blog/deploy-azure-infrastructure-with-azure-bicep.html]
[css/mainb337.css]
[css/base674e.css]
[css/vendor674e.css]
[blog/get-notified-about-service-health-incidents-that-have-occurred-in-azure.html]
[css/main674e.css]
[css/base04a4.css]
[css/vendor04a4.css]
[blog/category/logic-apps.html]
[css/main04a4.css]
[css/basecd8d.css]
[css/vendorcd8d.css]
[blog/category/service-health.html]
[css/maincd8d.css]
[css/base6528.css]
[css/vendor6528.css]
[blog/category/monitoring.html]
[css/main6528.css]
[css/base6ab6.css]
[css/vendor6ab6.css]
[blog/no-tokens-in-browser-with-duende-bff.html]
[css/main6ab6.css]
[css/base4167.css]
[css/vendor4167.css]
[blog/category/api.html]
[css/main4167.css]
[css/basee9c4.css]
[css/vendore9c4.css]
[blog/how-to-minimize-blog-hosting-costs.html]
[css/maine9c4.css]
[css/based4e8.css]
[css/vendord4e8.css]
[blog/category/github-pages.html]
[css/maind4e8.css]
[css/based1c1.css]
[css/vendord1c1.css]
[blog/azure-b2c-custom-mfa-implementation.html]
[css/maind1c1.css]
[css/basebcdf.css]
[css/vendorbcdf.css]
[blog/category/azure-b2c.html]
[css/mainbcdf.css]
[css/basec9bd.css]
[css/vendorc9bd.css]
[blog/category/mfa.html]
[css/mainc9bd.css]
[css/base87ee.css]
[css/vendor87ee.css]
[blog/apple-health-data-conversion-to-fhir-observation.html]
[css/main87ee.css]
[css/base582a.css]
[css/vendor582a.css]
[blog/category/azure-api-for-fhir.html]
[css/main582a.css]
[css/basea620.css]
[css/vendora620.css]
[blog/category/fhir-converter.html]
[css/maina620.css]
[css/base416c.css]
[css/vendor416c.css]
[blog/category/health-care.html]
[css/main416c.css]
[css/base399e.css]
[css/vendor399e.css]
[blog/strava-webhook-azure-api-for-fhir.html]
[css/main399e.css]
[css/baseb657.css]
[css/vendorb657.css]
[blog/export-apple-health-data-to-azure-api-for-fhir.html]
[css/mainb657.css]
[css/base5ea7.css]
[css/vendor5ea7.css]
[blog/azure-ad-b2c-devops-automation.html]
[css/main5ea7.css]
[css/base8585.css]
[css/vendor8585.css]
[blog/category/powershell.html]
[css/main8585.css]
[css/baseea5c.css]
[css/vendorea5c.css]
[blog/azure-b2c-custom-policies-and-federated-authentication.html]
[css/mainea5c.css]
[css/base923f.css]
[css/vendor923f.css]
[blog/how-to-handle-interactive-login-in-powershell-and-query-api.html]
[css/main923f.css]
[css/based5bf.css]
[css/vendord5bf.css]
[blog/category/azure-ad.html]
[css/maind5bf.css]
[css/base18e0.css]
[css/vendor18e0.css]
[blog/status-notifier-app-powered-by-philips-hue-lights.html]
[css/main18e0.css]
[css/base0504.css]
[css/vendor0504.css]
[blog/category/slack.html]
[css/main0504.css]
[css/base6a8a.css]
[css/vendor6a8a.css]
[blog/category/philips-hue.html]
[css/main6a8a.css]
[css/basef501.css]
[css/vendorf501.css]
[blog/category/remote-working.html]
[css/mainf501.css]
[css/base6300.css]
[css/vendor6300.css]
[blog/category/integration.html]
[css/main6300.css]
[css/basee4e2.css]
[css/vendore4e2.css]
[blog/how-to-configure-azure-ad-b2c-and-b2b-work-together.html]
[css/maine4e2.css]
[css/basef547.css]
[css/vendorf547.css]
[blog/category/azure-b2b.html]
[css/mainf547.css]
[css/base5583.css]
[css/vendor5583.css]
[blog/category/identity-magement.html]
[css/main5583.css]
[css/base3e2e.css]
[css/vendor3e2e.css]
[blog/technical-changes-of-the-blog-inspired-by-az-202-certification-study.html]
[css/main3e2e.css]
[css/basec575.css]
[css/vendorc575.css]
[blog/category/azure-service-fabric.html]
[css/mainc575.css]
[css/base1eb6.css]
[css/vendor1eb6.css]
[blog/how-to-import-exercise-data-to-strava.html]
[css/main1eb6.css]
[css/base2b8d.css]
[css/vendor2b8d.css]
[blog/category/data-import.html]
[css/main2b8d.css]
[css/base1e45.css]
[css/vendor1e45.css]
[blog/how-to-export-exercise-data-from-movescount-and-sports-tracker.html]
[css/main1e45.css]
[css/basec635.css]
[css/vendorc635.css]
[blog/category/data-export.html]
[css/mainc635.css]
[css/base259d.css]
[css/vendor259d.css]
[blog/experiences-about-finnish-personal-health-record-national-data-repository-part-3.html]
[css/main259d.css]
[css/base6bad.css]
[css/vendor6bad.css]
[blog/experiences-about-finnish-personal-health-record-national-data-repository-part-2.html]
[css/main6bad.css]
[css/base3c2f.css]
[css/vendor3c2f.css]
[blog/omakannan-omatietovaranto.html]
[css/main3c2f.css]
[css/baseb444.css]
[css/vendorb444.css]
[blog/participant-registration-system.html]
[css/mainb444.css]
[css/basea562.css]
[css/vendora562.css]
[blog/category/google-cloud.html]
[css/maina562.css]
[css/base9c65.css]
[css/vendor9c65.css]
[css/main9c65.css]
[blog/hello-headless-blog.html]
[css/base2b0a.css]
[css/vendor2b0a.css]
[blog/category/headless-cms.html]
[images/photoswipe/default-skin.html]
[css/images/photoswipe/default-skin.html]
[css/..images/photoswipe/preloader.html]
[css/main2b0a.css]
[css/iconic/fonts/iconmonstr-iconic-font5438.woff2]
[css/iconic/fonts/iconmonstr-iconic-font5438.woff]
[css/iconic/fonts/iconmonstr-iconic-font5438.ttf]
[css/iconic/css/iconmonstr-iconic-font.min.css]
[fonts/librebaskerville/librebaskerville-regular-webfont.woff2]
[fonts/librebaskerville/librebaskerville-regular-webfont.woff]
[fonts/librebaskerville/librebaskerville-italic-webfont.woff2]
[fonts/librebaskerville/librebaskerville-italic-webfont.woff]
[fonts/librebaskerville/librebaskerville-bold-webfont.woff2]
[fonts/librebaskerville/librebaskerville-bold-webfont.woff]
[fonts/montserrat/montserrat-black-webfont.woff2]
[fonts/montserrat/montserrat-black-webfont.woff]
[fonts/montserrat/montserrat-extrabold-webfont.woff2]
[fonts/montserrat/montserrat-extrabold-webfont.woff]
[fonts/montserrat/montserrat-bold-webfont.woff2]
[fonts/montserrat/montserrat-bold-webfont.woff]
[fonts/montserrat/montserrat-semibold-webfont.woff2]
[fonts/montserrat/montserrat-semibold-webfont.woff]
[fonts/montserrat/montserrat-medium-webfont.woff2]
[fonts/montserrat/montserrat-medium-webfont.woff]
[fonts/montserrat/montserrat-regular-webfont.woff2]
[fonts/montserrat/montserrat-regular-webfont.woff]
[fonts/montserrat/montserrat-light-webfont.woff2]
[fonts/montserrat/montserrat-light-webfont.woff]
[fonts/montserrat/montserrat-extralight-webfont.woff2]
[fonts/montserrat/montserrat-extralight-webfont.woff]
[fonts/montserrat/montserrat-thin-webfont.woff2]
[fonts/montserrat/montserrat-thin-webfont.woff]
[css/fonts.css]
[images/testimonial-bg.html]
[images/count-bg.html]
[images/contact-bg.html]
[css/base42b6.css]
[css/vendor42b6.css]
[css/main42b6.css]
[css/basec8eb.css]
[css/vendorc8eb.css]
[css/mainc8eb.css]
[css/base8782.css]
[css/vendor8782.css]
[css/main8782.css]
[css/baseb162.css]
[css/vendorb162.css]
[css/mainb162.css]
[css/basebc91.css]
[css/vendorbc91.css]
[css/mainbc91.css]
[css/base95a1.css]
[css/vendor95a1.css]
[css/main95a1.css]
[css/base7b79.css]
[css/vendor7b79.css]
[css/main7b79.css]
[css/basefb3a.css]
[css/vendorfb3a.css]
[css/mainfb3a.css]
[css/base448f.css]
[css/vendor448f.css]
[css/main448f.css]
[css/basef635.css]
[css/vendorf635.css]
[css/mainf635.css]
[css/basebd77.css]
[css/vendorbd77.css]
[css/mainbd77.css]
[css/base8852.css]
[css/vendor8852.css]
[css/main8852.css]
[css/basee043.css]
[css/vendore043.css]
[css/maine043.css]
[css/base1d0e.css]
[css/vendor1d0e.css]
[css/main1d0e.css]
[css/base511d.css]
[css/vendor511d.css]
[css/main511d.css]
[css/base4e7d.css]
[css/vendor4e7d.css]
[css/main4e7d.css]
[css/base855b.css]
[css/vendor855b.css]
[css/main855b.css]
[css/basef4d5.css]
[css/vendorf4d5.css]
[css/mainf4d5.css]
[css/base9f3e.css]
[css/vendor9f3e.css]
[css/main9f3e.css]
[css/base152b.css]
[css/vendor152b.css]
[css/main152b.css]
[css/base2cbe.css]
[css/vendor2cbe.css]
[css/main2cbe.css]
[css/baseeeda.css]
[css/vendoreeda.css]
[css/maineeda.css]
[css/base765b.css]
[css/vendor765b.css]
[css/main765b.css]
[css/base465e.css]
[css/vendor465e.css]
[css/main465e.css]
[css/base0658.css]
[css/vendor0658.css]
[css/main0658.css]
[css/basec889.css]
[css/vendorc889.css]
[css/mainc889.css]
[css/basec0a8.css]
[css/vendorc0a8.css]
[css/mainc0a8.css]
[css/basefa40.css]
[css/vendorfa40.css]
[css/mainfa40.css]
[css/basee521.css]
[css/vendore521.css]
[css/maine521.css]
[css/basedf74.css]
[css/vendordf74.css]
[css/maindf74.css]
[css/base8c82.css]
[css/vendor8c82.css]
[css/main8c82.css]
[css/basee9dd.css]
[css/vendore9dd.css]
[css/maine9dd.css]
[css/base599e.css]
[css/vendor599e.css]
[css/main599e.css]
[css/baseba62.css]
[css/vendorba62.css]
[css/mainba62.css]
[css/base14c5.css]
[css/vendor14c5.css]
[css/main14c5.css]
[css/based01f.css]
[css/vendord01f.css]
[css/maind01f.css]
[css/basecc23.css]
[css/vendorcc23.css]
[css/maincc23.css]
[css/base55a4.css]
[css/vendor55a4.css]
[css/main55a4.css]
[css/base4d53.css]
[css/vendor4d53.css]
[css/main4d53.css]
[css/based6d9.css]
[css/vendord6d9.css]
[css/maind6d9.css]
[css/basee414.css]
[css/vendore414.css]
[css/maine414.css]
[css/base5ce9.css]
[css/vendor5ce9.css]
[css/main5ce9.css]
[css/base0c9e.css]
[css/vendor0c9e.css]
[css/main0c9e.css]
[css/base084b.css]
[css/vendor084b.css]
[css/main084b.css]
[css/basef723.css]
[css/vendorf723.css]
[css/mainf723.css]
[css/base47e5.css]
[css/vendor47e5.css]
[css/main47e5.css]
[css/base5d37.css]
[css/vendor5d37.css]
[css/main5d37.css]
[css/base9336.css]
[css/vendor9336.css]
[css/main9336.css]
[css/baseb7f1.css]
[css/vendorb7f1.css]
[css/mainb7f1.css]
[css/base6d08.css]
[css/vendor6d08.css]
[css/main6d08.css]
[css/baseb337.css]
[css/vendorb337.css]
[css/mainb337.css]
[css/base674e.css]
[css/vendor674e.css]
[css/main674e.css]
[css/base04a4.css]
[css/vendor04a4.css]
[css/main04a4.css]
[css/basecd8d.css]
[css/vendorcd8d.css]
[css/maincd8d.css]
[css/base6528.css]
[css/vendor6528.css]
[css/main6528.css]
[css/base6ab6.css]
[css/vendor6ab6.css]
[css/main6ab6.css]
[css/base4167.css]
[css/vendor4167.css]
[css/main4167.css]
[css/basee9c4.css]
[css/vendore9c4.css]
[css/maine9c4.css]
[css/based4e8.css]
[css/vendord4e8.css]
[css/maind4e8.css]
[css/based1c1.css]
[css/vendord1c1.css]
[css/maind1c1.css]
[css/basebcdf.css]
[css/vendorbcdf.css]
[css/mainbcdf.css]
[css/basec9bd.css]
[css/vendorc9bd.css]
[css/mainc9bd.css]
[css/base87ee.css]
[css/vendor87ee.css]
[css/main87ee.css]
[css/base582a.css]
[css/vendor582a.css]
[css/main582a.css]
[css/basea620.css]
[css/vendora620.css]
[css/maina620.css]
[css/base416c.css]
[css/vendor416c.css]
[css/main416c.css]
[css/base399e.css]
[css/vendor399e.css]
[css/main399e.css]
[css/baseb657.css]
[css/vendorb657.css]
[css/mainb657.css]
[css/base5ea7.css]
[css/vendor5ea7.css]
[css/main5ea7.css]
[css/base8585.css]
[css/vendor8585.css]
[css/main8585.css]
[css/baseea5c.css]
[css/vendorea5c.css]
[css/mainea5c.css]
[css/base923f.css]
[css/vendor923f.css]
[css/main923f.css]
[css/based5bf.css]
[css/vendord5bf.css]
[css/maind5bf.css]
[css/base18e0.css]
[css/vendor18e0.css]
[css/main18e0.css]
[css/base0504.css]
[css/vendor0504.css]
[css/main0504.css]
[css/base6a8a.css]
[css/vendor6a8a.css]
[css/main6a8a.css]
[css/basef501.css]
[css/vendorf501.css]
[css/mainf501.css]
[css/base6300.css]
[css/vendor6300.css]
[css/main6300.css]
[css/basee4e2.css]
[css/vendore4e2.css]
[css/maine4e2.css]
[css/basef547.css]
[css/vendorf547.css]
[css/mainf547.css]
[css/base5583.css]
[css/vendor5583.css]
[css/main5583.css]
[css/base3e2e.css]
[css/vendor3e2e.css]
[css/main3e2e.css]
[css/basec575.css]
[css/vendorc575.css]
[css/mainc575.css]
[css/base1eb6.css]
[css/vendor1eb6.css]
[css/main1eb6.css]
[css/base2b8d.css]
[css/vendor2b8d.css]
[css/main2b8d.css]
[css/base1e45.css]
[css/vendor1e45.css]
[css/main1e45.css]
[css/basec635.css]
[css/vendorc635.css]
[css/mainc635.css]
[css/base259d.css]
[css/vendor259d.css]
[css/main259d.css]
[css/base6bad.css]
[css/vendor6bad.css]
[css/main6bad.css]
[css/base3c2f.css]
[css/vendor3c2f.css]
[css/main3c2f.css]
[css/baseb444.css]
[css/vendorb444.css]
[css/mainb444.css]
[css/basea562.css]
[css/vendora562.css]
[css/maina562.css]
[css/base9c65.css]
[css/vendor9c65.css]
[css/main9c65.css]
[docs/api-client/dotnet.html]
[docs/api/indexa20d.html]
[css/base2b0a.css]
[css/vendor2b0a.css]
[css/main2b0a.css]
